I'm sorry, but errors were detected in your script. Please correct the
errors listed below, and try again.


File "game/screens/satyr_main_menu.rpy", line 38: The add statement is not a valid child of the add statement.
    add "images/gui/satyr/glow.webp":
       ^

Ren'Py Version: Ren'Py 8.5.3.26051504
Fri Sep 18 11:44:04 2026
